
LYL@LAPTOP-E1BKPLH8 MINGW64 /d/桌面/practice_git
$ git add pratice_git_01.html
fatal: detected dubious ownership in repository at 'D:/桌面/practice_git'
To add an exception for this directory, call:

        git config --global --add safe.directory 'D:/桌面/practice_git'

Set the environment variable GIT_TEST_DEBUG_UNSAFE_DIRECTORIES=true and run
again for more information.

LYL@LAPTOP-E1BKPLH8 MINGW64 /d/桌面/practice_git
$ git init
Reinitialized existing Git repository in D:/桌面/practice_git/.git/

LYL@LAPTOP-E1BKPLH8 MINGW64 /d/桌面/practice_git
$ git config --global --add safe.directory 'D:/桌面/practice_git'

LYL@LAPTOP-E1BKPLH8 MINGW64 /d/桌面/practice_git (master)
$ git status
On branch master

No commits yet

Untracked files:
  (use "git add <file>..." to include in what will be committed)
        practice_git_01.html

nothing added to commit but untracked files present (use "git add" to track)

LYL@LAPTOP-E1BKPLH8 MINGW64 /d/桌面/practice_git (master)
$ git add pratice_git-01.html
fatal: pathspec 'pratice_git-01.html' did not match any files

LYL@LAPTOP-E1BKPLH8 MINGW64 /d/桌面/practice_git (master)
$ git add practice_git_01.html

LYL@LAPTOP-E1BKPLH8 MINGW64 /d/桌面/practice_git (master)
$ git status
On branch master

No commits yet

Changes to be committed:
  (use "git rm --cached <file>..." to unstage)
        new file:   practice_git_01.html


LYL@LAPTOP-E1BKPLH8 MINGW64 /d/桌面/practice_git (master)
$ git status -s
A  practice_git_01.html

LYL@LAPTOP-E1BKPLH8 MINGW64 /d/桌面/practice_git (master)
$ git commit -m "my_git_test"
[master (root-commit) 2dfd6a0] my_git_test
 1 file changed, 52 insertions(+)
 create mode 100644 practice_git_01.html

LYL@LAPTOP-E1BKPLH8 MINGW64 /d/桌面/practice_git (master)
$ git status
On branch master
nothing to commit, working tree clean

LYL@LAPTOP-E1BKPLH8 MINGW64 /d/桌面/practice_git (master)
$ git status
On branch master
Changes not staged for commit:
  (use "git add <file>..." to update what will be committed)
  (use "git restore <file>..." to discard changes in working directory)
        modified:   practice_git_01.html

no changes added to commit (use "git add" and/or "git commit -a")

LYL@LAPTOP-E1BKPLH8 MINGW64 /d/桌面/practice_git (master)
$ git status -s
 M practice_git_01.html

LYL@LAPTOP-E1BKPLH8 MINGW64 /d/桌面/practice_git (master)
$ git add practice_git_01.html

LYL@LAPTOP-E1BKPLH8 MINGW64 /d/桌面/practice_git (master)
$ git status
On branch master
Changes to be committed:
  (use "git restore --staged <file>..." to unstage)
        modified:   practice_git_01.html


LYL@LAPTOP-E1BKPLH8 MINGW64 /d/桌面/practice_git (master)
$ git status -s
M  practice_git_01.html

LYL@LAPTOP-E1BKPLH8 MINGW64 /d/桌面/practice_git (master)
$ git commit -m "my_git_test_01"
[master 08cc3c9] my_git_test_01
 1 file changed, 1 insertion(+), 1 deletion(-)

LYL@LAPTOP-E1BKPLH8 MINGW64 /d/桌面/practice_git (master)
$ git status -s

LYL@LAPTOP-E1BKPLH8 MINGW64 /d/桌面/practice_git (master)
$ git status
On branch master
nothing to commit, working tree clean

LYL@LAPTOP-E1BKPLH8 MINGW64 /d/桌面/practice_git (master)
$ git checkout -- practice_git_01.html

LYL@LAPTOP-E1BKPLH8 MINGW64 /d/桌面/practice_git (master)
$ git status -s
?? 01.html

LYL@LAPTOP-E1BKPLH8 MINGW64 /d/桌面/practice_git (master)
$ git add .

LYL@LAPTOP-E1BKPLH8 MINGW64 /d/桌面/practice_git (master)
$ git statue -s
git: 'statue' is not a git command. See 'git --help'.

The most similar command is
        status

LYL@LAPTOP-E1BKPLH8 MINGW64 /d/桌面/practice_git (master)
$ git status -s
A  01.html

LYL@LAPTOP-E1BKPLH8 MINGW64 /d/桌面/practice_git (master)
$ git reset HEAD 01.html

LYL@LAPTOP-E1BKPLH8 MINGW64 /d/桌面/practice_git (master)
$ git status -s
?? 01.html

LYL@LAPTOP-E1BKPLH8 MINGW64 /d/桌面/practice_git (master)
$ git commit -a -m "my_git_test_02"
On branch master
Untracked files:
  (use "git add <file>..." to include in what will be committed)
        01.html

nothing added to commit but untracked files present (use "git add" to track)

LYL@LAPTOP-E1BKPLH8 MINGW64 /d/桌面/practice_git (master)
$ git add 01.html

LYL@LAPTOP-E1BKPLH8 MINGW64 /d/桌面/practice_git (master)
$ git commit -a -m "my_git_test_02"
[master 5daf006] my_git_test_02
 1 file changed, 0 insertions(+), 0 deletions(-)
 create mode 100644 01.html

LYL@LAPTOP-E1BKPLH8 MINGW64 /d/桌面/practice_git (master)
$ git status -s

LYL@LAPTOP-E1BKPLH8 MINGW64 /d/桌面/practice_git (master)
$ git status
On branch master
nothing to commit, working tree clean

LYL@LAPTOP-E1BKPLH8 MINGW64 /d/桌面/practice_git (master)
$ git rm -f --cached 01.html
rm '01.html'

LYL@LAPTOP-E1BKPLH8 MINGW64 /d/桌面/practice_git (master)
$ git add 01.html

LYL@LAPTOP-E1BKPLH8 MINGW64 /d/桌面/practice_git (master)
$ git commit -m "my_git_test_02"
On branch master
nothing to commit, working tree clean

LYL@LAPTOP-E1BKPLH8 MINGW64 /d/桌面/practice_git (master)
$ git rm -f 01.html
rm '01.html'

LYL@LAPTOP-E1BKPLH8 MINGW64 /d/桌面/practice_git (master)
$ git branch
* master

LYL@LAPTOP-E1BKPLH8 MINGW64 /d/桌面/practice_git (master)
$ git branch branch_01

LYL@LAPTOP-E1BKPLH8 MINGW64 /d/桌面/practice_git (master)
$ git branch
  branch_01
* master

LYL@LAPTOP-E1BKPLH8 MINGW64 /d/桌面/practice_git (master)
$ git checkout branch_01
Switched to branch 'branch_01'
D       01.html

LYL@LAPTOP-E1BKPLH8 MINGW64 /d/桌面/practice_git (branch_01)
$ git branch
* branch_01
  master

LYL@LAPTOP-E1BKPLH8 MINGW64 /d/桌面/practice_git (branch_01)
$ git checkout -b branch_02
Switched to a new branch 'branch_02'

LYL@LAPTOP-E1BKPLH8 MINGW64 /d/桌面/practice_git (branch_02)
$ git branch
  branch_01
* branch_02
  master

LYL@LAPTOP-E1BKPLH8 MINGW64 /d/桌面/practice_git (branch_02)
$ git status -s
D  01.html

LYL@LAPTOP-E1BKPLH8 MINGW64 /d/桌面/practice_git (branch_02)
$ git checked master
git: 'checked' is not a git command. See 'git --help'.

The most similar command is
        checkout

LYL@LAPTOP-E1BKPLH8 MINGW64 /d/桌面/practice_git (branch_02)
$ git checkout master
Switched to branch 'master'
D       01.html

LYL@LAPTOP-E1BKPLH8 MINGW64 /d/桌面/practice_git (master)
$ git merge branch_01
Already up to date.

LYL@LAPTOP-E1BKPLH8 MINGW64 /d/桌面/practice_git (master)
$ git merge branch_02
Already up to date.

LYL@LAPTOP-E1BKPLH8 MINGW64 /d/桌面/practice_git (master)
$ git branch -d branch_01
Deleted branch branch_01 (was 5daf006).

LYL@LAPTOP-E1BKPLH8 MINGW64 /d/桌面/practice_git (master)
$ git branch -d branck_02
error: branch 'branck_02' not found.

LYL@LAPTOP-E1BKPLH8 MINGW64 /d/桌面/practice_git (master)
$ git branch -d branch_02
Deleted branch branch_02 (was 5daf006).

LYL@LAPTOP-E1BKPLH8 MINGW64 /d/桌面/practice_git (master)
$ git push LYL_1 practice_git_01.html
error: src refspec practice_git_01.html does not match any
error: failed to push some refs to 'LYL_1'

LYL@LAPTOP-E1BKPLH8 MINGW64 /d/桌面/practice_git (master)
$ git add practice_git_01.html

LYL@LAPTOP-E1BKPLH8 MINGW64 /d/桌面/practice_git (master)
$ git commit "My_git_test"
error: pathspec 'My_git_test' did not match any file(s) known to git

LYL@LAPTOP-E1BKPLH8 MINGW64 /d/桌面/practice_git (master)
$ git commit -m "My_git_test"
[master 637fbb6] My_git_test
 1 file changed, 0 insertions(+), 0 deletions(-)
 delete mode 100644 01.html

LYL@LAPTOP-E1BKPLH8 MINGW64 /d/桌面/practice_git (master)
$ git push -u origin main
error: src refspec main does not match any
error: failed to push some refs to 'origin'

LYL@LAPTOP-E1BKPLH8 MINGW64 /d/桌面/practice_git (master)
$ git push -u origin master
fatal: 'origin' does not appear to be a git repository
fatal: Could not read from remote repository.

Please make sure you have the correct access rights
and the repository exists.

LYL@LAPTOP-E1BKPLH8 MINGW64 /d/桌面/practice_git (master)
$ git status
On branch master
nothing to commit, working tree clean

LYL@LAPTOP-E1BKPLH8 MINGW64 /d/桌面/practice_git (master)
$ git push -u 1LYL master
fatal: '1LYL' does not appear to be a git repository
fatal: Could not read from remote repository.

Please make sure you have the correct access rights
and the repository exists.

LYL@LAPTOP-E1BKPLH8 MINGW64 /d/桌面/practice_git (master)
$ git push -u LYL_1 master
fatal: 'LYL_1' does not appear to be a git repository
fatal: Could not read from remote repository.

Please make sure you have the correct access rights
and the repository exists.

LYL@LAPTOP-E1BKPLH8 MINGW64 /d/桌面/practice_git (master)
$ git push -u LYL_1 main
error: src refspec main does not match any
error: failed to push some refs to 'LYL_1'

LYL@LAPTOP-E1BKPLH8 MINGW64 /d/桌面/practice_git (master)
$ git rm --cached practice_git_01.html
rm 'practice_git_01.html'

LYL@LAPTOP-E1BKPLH8 MINGW64 /d/桌面/practice_git (master)
$ git add practice_git_01.html

LYL@LAPTOP-E1BKPLH8 MINGW64 /d/桌面/practice_git (master)
$ git status
On branch master
nothing to commit, working tree clean

LYL@LAPTOP-E1BKPLH8 MINGW64 /d/桌面/practice_git (master)
$
